// Jest Snapshot v1, https://goo.gl/fbAQLP

exports[`Render App Middleware should replace index file html placeholder with rendered content 1`] = `
Array [
  "<!DOCTYPE html><html><head><title data-react-helmet=\\"true\\"></title></head><body><div id=\\"app\\">test-markup</div><script src=\\"test.js\\"></script></body></html>",
]
`;
